// Jest Snapshot v1, https://goo.gl/fbAQLP

exports[`Renders Renders correctly 1`] = `
<View
  style={
    Array [
      Object {
        "flex": 1,
        "marginHorizontal": 37.5,
      },
      undefined,
    ]
  }
>
  <RCTScrollView
    collapsable={false}
    data={
      Array [
        Object {
          "id": "1",
          "joke": "Test",
          "permalink": "1",
        },
      ]
    }
    getItem={[Function]}
    getItemCount={[Function]}
    horizontal={true}
    keyExtractor={[Function]}
    onContentSizeChange={[Function]}
    onEndReached={[Function]}
    onLayout={[Function]}
    onMomentumScrollBegin={[Function]}
    onMomentumScrollEnd={[Function]}
    onScroll={[Function]}
    onScrollBeginDrag={[Function]}
    onScrollEndDrag={[Function]}
    onViewableItemsChanged={[Function]}
    pagingEnabled={true}
    removeClippedSubviews={false}
    renderItem={[Function]}
    scrollEventThrottle={64}
    showsHorizontalScrollIndicator={false}
    stickyHeaderIndices={Array []}
    style={Object {}}
    testID="flatList"
    viewabilityConfig={
      Object {
        "itemVisiblePercentThreshold": 90,
        "minimumViewTime": 5,
        "waitForInteraction": true,
      }
    }
    viewabilityConfigCallbackPairs={
      Array [
        Object {
          "onViewableItemsChanged": [Function],
          "viewabilityConfig": Object {
            "itemVisiblePercentThreshold": 90,
            "minimumViewTime": 5,
            "waitForInteraction": true,
          },
        },
      ]
    }
  >
    <View>
      <View
        onLayout={[Function]}
        style={
          Array [
            Object {
              "flexDirection": "row",
            },
            null,
          ]
        }
      />
    </View>
  </RCTScrollView>
  <View
    collapsable={false}
    style={
      Object {
        "flexDirection": "row",
        "justifyContent": "center",
        "marginTop": 32,
      }
    }
  >
    <View
      style={
        Object {
          "maxWidth": 712.5,
        }
      }
    >
      <View
        collapsable={false}
        style={
          Object {
            "backgroundColor": "black",
            "borderRadius": 8,
            "height": 5,
            "marginHorizontal": 8,
            "opacity": 1,
            "width": 50,
          }
        }
      />
    </View>
    <View
      style={
        Object {
          "maxWidth": 712.5,
        }
      }
    >
      <View
        collapsable={false}
        style={
          Object {
            "backgroundColor": "black",
            "borderRadius": 8,
            "height": 5,
            "marginHorizontal": 8,
            "opacity": 0.1,
            "width": 50,
          }
        }
      />
    </View>
    <View
      style={
        Object {
          "maxWidth": 712.5,
        }
      }
    >
      <View
        collapsable={false}
        style={
          Object {
            "backgroundColor": "black",
            "borderRadius": 8,
            "height": 5,
            "marginHorizontal": 8,
            "opacity": 0.1,
            "width": 50,
          }
        }
      />
    </View>
    <View
      style={
        Object {
          "maxWidth": 712.5,
        }
      }
    >
      <View
        collapsable={false}
        style={
          Object {
            "backgroundColor": "black",
            "borderRadius": 8,
            "height": 5,
            "marginHorizontal": 8,
            "opacity": 0.1,
            "width": 50,
          }
        }
      />
    </View>
  </View>
</View>
`;
